// Jest Snapshot v1, https://goo.gl/fbAQLP

exports[`UI component snapshots AppShell renders consistently 1`] = `
<DocumentFragment>
  <div
    class="sc-beqWay kZhYnR"
  >
    <header
      class="sc-gueYod kKcHzm"
    >
      <div
        class="sc-dmqHEY iQoSvo"
      >
        <div
          class="sc-hLseeT hRdexF"
        >
          <a
            href="/"
          >
            Splitex
          </a>
          <span>
            Expense splitting
          </span>
        </div>
        <nav
          class="sc-eDDNvO fhwwLe"
        >
          <a
            class="sc-jTrPJt bTGkLn"
            href="/"
          >
            Home
          </a>
          <a
            class="sc-jTrPJt bTGkLn"
            href="/auth/login"
          >
            Sign in
          </a>
          <a
            class="sc-jTrPJt bTGkLn"
            href="/auth/register"
          >
            Register
          </a>
          <select
            class="sc-gLDzao jRUhdx"
          >
            <option
              value="light"
            >
              Light
            </option>
            <option
              value="dark"
            >
              Dark
            </option>
            <option
              value="ocean"
            >
              Ocean
            </option>
            <option
              value="forest"
            >
              Forest
            </option>
            <option
              value="midnight"
            >
              Midnight
            </option>
          </select>
        </nav>
      </div>
    </header>
    <main
      class="sc-iAEyYj comkCN"
    >
      <div>
        Dashboard content
      </div>
    </main>
  </div>
</DocumentFragment>
`;

exports[`UI component snapshots EmptyState renders with optional action and snapshot 1`] = `
<DocumentFragment>
  <div
    class="sc-ktEKTR gbPpSk"
    data-testid="empty-state"
  >
    <h3
      class="sc-hAtEya fsSTgA"
    >
      No Expenses
    </h3>
    <p
      class="sc-fmSAUj jXXUDB"
    >
      Add your first expense to get started.
    </p>
    <div
      class="sc-fGFwA-d iEyUav"
    >
      <button>
        Add Expense
      </button>
    </div>
  </div>
</DocumentFragment>
`;

exports[`UI component snapshots Modal open/close behavior and snapshot 1`] = `
<DocumentFragment>
  <div
    class="sc-fsQipe dnGhEC"
    data-testid="test-modal-overlay"
  >
    <div
      class="sc-qRumy bATtuU"
      data-testid="test-modal"
    >
      <div
        class="sc-kFuwaQ iQNKbd"
      >
        <button
          class="sc-jsMahD cJBDGd"
          data-testid="test-modal-close"
        >
          ✕
        </button>
        <div>
          Modal body
        </div>
      </div>
    </div>
  </div>
</DocumentFragment>
`;

exports[`UI component snapshots Modal renders null when closed 1`] = `<div />`;
